// Vitest Snapshot v1, https://vitest.dev/guide/snapshot.html

exports[`UserAvatar Tests > renders data returned by useCustomHook 1`] = `
<div
  className="MuiAvatar-root MuiAvatar-circular css-1wlk0hk-MuiAvatar-root"
  onClick={[Function]}
>
  <img
    className="MuiAvatar-img css-1pqm26d-MuiAvatar-img"
    src="default-user.jpg"
  />
</div>
`;
